[1 - Suricata-Main] 2026-08-26 23:53:29 Notice: suricata: This is Suricata version 8.0.6 RELEASE running in SYSTEM mode
[1 - Suricata-Main] 2026-08-26 23:53:29 Info: cpu: CPUs/cores online: 12
[1 - Suricata-Main] 2026-08-26 23:53:29 Info: suricata: Setting engine mode to IDS mode by default
[1 - Suricata-Main] 2026-08-26 23:53:29 Info: exception-policy: master exception-policy set to: auto
[1 - Suricata-Main] 2026-08-26 23:53:29 Info: privs: dropped the caps for main thread
[1 - Suricata-Main] 2026-08-26 23:53:29 Info: conf: Running in live mode, activating unix socket
[1 - Suricata-Main] 2026-08-26 23:53:29 Info: logopenfile: fast output device (regular) initialized: fast.log
[1 - Suricata-Main] 2026-08-26 23:53:29 Info: logopenfile: eve-log output device (regular) initialized: eve.json
[1 - Suricata-Main] 2026-08-26 23:53:29 Info: logopenfile: stats output device (regular) initialized: stats.log
[1 - Suricata-Main] 2026-08-26 23:53:29 Warning: detect: No rule files match the pattern /var/lib/suricata/rules/suricata.rules
[1 - Suricata-Main] 2026-08-26 23:53:29 Warning: detect: 1 rule files specified, but no rules were loaded!
[1 - Suricata-Main] 2026-08-26 23:53:29 Info: threshold-config: Threshold config parsed: 0 rule(s) found
[1 - Suricata-Main] 2026-08-26 23:53:29 Info: detect: 0 signatures processed. 0 are IP-only rules, 0 are inspecting packet payload, 0 inspect application layer, 0 are decoder event only
[1 - Suricata-Main] 2026-08-26 23:53:29 Info: unix-manager: unix socket '/var/run/suricata/suricata-command.socket'
[1 - Suricata-Main] 2026-08-26 23:53:29 Info: runmodes: eth0: creating 12 threads
[21 - W#01-eth0] 2026-08-26 23:53:29 Info: ioctl: eth0: MTU 65535
[1 - Suricata-Main] 2026-08-26 23:53:30 Notice: threads: Threads created -> W: 12 FM: 1 FR: 1   Engine started.
[1 - Suricata-Main] 2026-08-27 00:00:16 Notice: suricata: Signal Received.  Stopping engine.
[1 - Suricata-Main] 2026-08-27 00:00:16 Info: suricata: time elapsed 406.737s
[1 - Suricata-Main] 2026-08-27 00:00:17 Info: counters: Alerts: 0
[1 - Suricata-Main] 2026-08-27 00:00:17 Notice: device: eth0: packets: 22923, drops: 0 (0.00%), invalid chksum: 10921
[1 - Suricata-Main] 2026-08-27 00:00:28 Notice: suricata: This is Suricata version 8.0.6 RELEASE running in SYSTEM mode
[1 - Suricata-Main] 2026-08-27 00:00:28 Info: cpu: CPUs/cores online: 12
[1 - Suricata-Main] 2026-08-27 00:00:28 Info: suricata: Setting engine mode to IDS mode by default
[1 - Suricata-Main] 2026-08-27 00:00:28 Info: exception-policy: master exception-policy set to: auto
[1 - Suricata-Main] 2026-08-27 00:00:28 Info: privs: dropped the caps for main thread
[1 - Suricata-Main] 2026-08-27 00:00:28 Info: conf: Running in live mode, activating unix socket
[1 - Suricata-Main] 2026-08-27 00:00:28 Info: logopenfile: fast output device (regular) initialized: fast.log
[1 - Suricata-Main] 2026-08-27 00:00:28 Info: logopenfile: eve-log output device (regular) initialized: eve.json
[1 - Suricata-Main] 2026-08-27 00:00:28 Info: logopenfile: stats output device (regular) initialized: stats.log
[1 - Suricata-Main] 2026-08-27 00:00:28 Warning: detect: No rule files match the pattern /var/lib/suricata/rules/suricata.rules
[1 - Suricata-Main] 2026-08-27 00:00:28 Warning: detect: 1 rule files specified, but no rules were loaded!
[1 - Suricata-Main] 2026-08-27 00:00:28 Info: threshold-config: Threshold config parsed: 0 rule(s) found
[1 - Suricata-Main] 2026-08-27 00:00:28 Info: detect: 0 signatures processed. 0 are IP-only rules, 0 are inspecting packet payload, 0 inspect application layer, 0 are decoder event only
[1 - Suricata-Main] 2026-08-27 00:00:28 Info: unix-manager: unix socket '/var/run/suricata/suricata-command.socket'
[1 - Suricata-Main] 2026-08-27 00:00:28 Info: runmodes: eth0: creating 12 threads
[21 - W#01-eth0] 2026-08-27 00:00:28 Info: ioctl: eth0: MTU 65535
[1 - Suricata-Main] 2026-08-27 00:00:28 Notice: threads: Threads created -> W: 12 FM: 1 FR: 1   Engine started.
[1 - Suricata-Main] 2026-08-27 00:06:57 Notice: suricata: Signal Received.  Stopping engine.
[1 - Suricata-Main] 2026-08-27 00:06:58 Info: suricata: time elapsed 390.751s
[1 - Suricata-Main] 2026-08-27 00:06:59 Info: counters: Alerts: 0
[1 - Suricata-Main] 2026-08-27 00:06:59 Notice: device: eth0: packets: 15785, drops: 0 (0.00%), invalid chksum: 7326
[1 - Suricata-Main] 2026-08-27 00:10:19 Notice: suricata: This is Suricata version 8.0.6 RELEASE running in SYSTEM mode
[1 - Suricata-Main] 2026-08-27 00:10:19 Info: cpu: CPUs/cores online: 12
[1 - Suricata-Main] 2026-08-27 00:10:19 Info: suricata: Setting engine mode to IDS mode by default
[1 - Suricata-Main] 2026-08-27 00:10:19 Info: exception-policy: master exception-policy set to: auto
[1 - Suricata-Main] 2026-08-27 00:10:19 Info: privs: dropped the caps for main thread
[1 - Suricata-Main] 2026-08-27 00:10:19 Info: conf: Running in live mode, activating unix socket
[1 - Suricata-Main] 2026-08-27 00:10:19 Info: logopenfile: fast output device (regular) initialized: fast.log
[1 - Suricata-Main] 2026-08-27 00:10:19 Info: logopenfile: eve-log output device (regular) initialized: eve.json
[1 - Suricata-Main] 2026-08-27 00:10:19 Info: logopenfile: stats output device (regular) initialized: stats.log
[1 - Suricata-Main] 2026-08-27 00:10:19 Warning: detect: No rule files match the pattern /var/lib/suricata/rules/suricata.rules
[1 - Suricata-Main] 2026-08-27 00:10:19 Warning: detect: 1 rule files specified, but no rules were loaded!
[1 - Suricata-Main] 2026-08-27 00:10:19 Info: threshold-config: Threshold config parsed: 0 rule(s) found
[1 - Suricata-Main] 2026-08-27 00:10:19 Info: detect: 0 signatures processed. 0 are IP-only rules, 0 are inspecting packet payload, 0 inspect application layer, 0 are decoder event only
[1 - Suricata-Main] 2026-08-27 00:10:19 Info: unix-manager: unix socket '/var/run/suricata/suricata-command.socket'
[1 - Suricata-Main] 2026-08-27 00:10:19 Info: runmodes: eth0: creating 12 threads
[21 - W#01-eth0] 2026-08-27 00:10:19 Info: ioctl: eth0: MTU 65535
[1 - Suricata-Main] 2026-08-27 00:10:20 Notice: threads: Threads created -> W: 12 FM: 1 FR: 1   Engine started.
[1 - Suricata-Main] 2026-08-27 00:10:29 Notice: suricata: Signal Received.  Stopping engine.
[1 - Suricata-Main] 2026-08-27 00:10:29 Info: suricata: time elapsed 10.047s
[1 - Suricata-Main] 2026-08-27 00:10:30 Info: counters: Alerts: 0
[1 - Suricata-Main] 2026-08-27 00:10:30 Notice: device: eth0: packets: 15834, drops: 0 (0.00%), invalid chksum: 3836
